// Jest Snapshot v1, https://goo.gl/fbAQLP

exports[`mission component test renders correctly 1`] = `
<table
  className="table"
>
  <tbody>
    <tr>
      <th>
        Mission
      </th>
      <th>
        Description
      </th>
      <th>
        Status
      </th>
      <th>
         
      </th>
    </tr>
  </tbody>
</table>
`;